botster-gate: botster-core stage1/p2-fork-a6 7095fb76df42fc74fd2041da9a9fbf6af4606bd2
botster-gate: base origin/v1 = 0b684a19470c5b647e64653fd285d4cd43544278 (BOTSTER_CI_BASE_REF)
botster-gate: pool, --on linux (needs linux,docker,botster)
botster-gate: command bash docs/stage1/ghostty-upstream-sync-20261009/evidence.sh
botster-gate: log /Users/jasonconigliari/botster-sessions/gates/botster-core-stage1-p2-fork-a6-7095fb76-pool-20261009-034703-88713.log
botster-gate: note: macOS-only code is not compiled on a Linux node; the Mac slow tier covers it:
  crates/botster-core-sys/Cargo.toml
  crates/botster-core-sys/src/payload.rs
  crates/botster-core-sys/src/process.rs
  crates/botster-core-sys/tests/common/guard_platform.rs
  crates/botster-core/Cargo.toml
  crates/botster-terminal-ghostty/build.rs
  crates/botster-worker/Cargo.toml
jobq: jobq-botster-core-7095fb76-20261009034703-e904
jobq: botster-core 7095fb76df42fc74fd2041da9a9fbf6af4606bd2, lane ci (priority 40: tier 3 of 3, project cap 3), needs linux,docker,botster, 4 CPUs, medium (16384 MB, 8192 MB disk)
jobq: command bash -c project=$1 cpus=$2 volume_branch=$3 base_sha=$4; shift 4
if [ "$(uname -s)" = Darwin ]; then
  # Public sources, as on Linux: the repo's ci/remote/fetch-public.sh (botster-core: the libghostty submodule and its
  # Zig packages); else the submodules at the pinned commits. Every submodule is then cleaned.
  if [ -f ci/remote/fetch-public.sh ]; then
    bash ci/remote/fetch-public.sh || exit 3
  elif [ -f .gitmodules ]; then
    git submodule update -q --init --force || exit 3
  fi
  [ -f .gitmodules ] && { git submodule foreach -q --recursive git clean -q -ffdx || exit 3; }
  exec "$@"
fi
# Linux: one gate of a branch at a time on this host (they share its target volume); the same lock files as testq gates.
locks=$HOME/testq/projects/botster-locks
lock=$locks/branch-$(printf %s "$project:$volume_branch" | sha1sum | cut -c1-16).lock
{ mkdir -p "$locks" && exec 6>"$lock"; } || { echo "botster-gate: cannot open the branch lock $lock"; exit 3; }
if ! flock -n 6; then
  echo "botster-gate: waiting: another gate of $project $volume_branch runs on this host"
  flock 6 || { echo "botster-gate: cannot take the branch lock $lock"; exit 3; }
fi
# job.sh keeps its shared state (image and volume locks, target stamps, artifacts) relative to its checkout, in testq's
# layout <projects>/<project>/jobs/<snapshot>, and removes the snapshot when it ends. So the gate runs, as under testq,
# in a snapshot under ~/testq/projects: a repository fetched from the warm pool slot (another filesystem), checked out at
# the exact commit, base ref included.
snap=$HOME/testq/projects/$project/jobs/$POOL_JOB
mkdir -p "${snap%/*}" || exit 3
# Until job.sh owns the snapshot (it removes it when it ends), a stop or a failure removes it here.
trap 'rm -rf -- "$snap"; exit 143' TERM INT HUP
if ! { git init -q "$snap" && git -C "$snap" fetch -q --no-tags "$PWD" "+refs/pool/head:refs/pool/head" \
    "+refs/remotes/*:refs/remotes/*" && git -C "$snap" checkout -q --detach "$POOL_SHA"; }; then
  echo "botster-gate: could not make the snapshot $snap"
  rm -rf -- "$snap"
  exit 3
fi
trap - TERM INT HUP
exec "$snap/ci/remote/job.sh" "$snap" "$cpus" --run="$POOL_JOB" --branch="$volume_branch" --base="$base_sha" -- "$@" botster-gate botster-core 4 stage1/p2-fork-a6 0b684a19470c5b647e64653fd285d4cd43544278 bash docs/stage1/ghostty-upstream-sync-20261009/evidence.sh
jobq: log /Users/jasonconigliari/.local/state/jobq/logs/jobq-botster-core-7095fb76-20261009034703-e904.log
jobq: running on msa1 (allocation 626bef5f)
pool-run: botster-core 7095fb76df42 on MS-A1 in botster-core/slot-0 (job jobq-botster-core-7095fb76-20261009034703-e904), 610209 MB free in the pool
gate job: botster-core 7095fb76df42fc74fd2041da9a9fbf6af4606bd2 on MS-A1, 4 CPUs, image botster-core-gate:bbc12a44852f, target botster-core-target-stage1-p2-fork-a6-a209cc7e
job.sh: removed the target volume botster-core-target-stage1-p3-m2a-v1-d6060570 (more than 8 target volumes of botster-core)
gate job: 718 GiB free on the host
fetch: dependencies of the workspace and of botster-contracts a8db5c9a are in the cargo volume
fetch: submodules at the pinned commits, clean
fetch: 1 Zig packages are missing from /zig/packages; running prefetch-zig.sh
prefetch-zig: 7 packages are in /zig/packages/.staging.V6Cbm0
fetch: published 1 Zig packages in /zig/packages
core head 7095fb76df42fc74fd2041da9a9fbf6af4606bd2, tracked changes 0
fork head 39a68e822e505685d1e7fa9c6abeff21125b489c, tracked changes 0
zig /usr/local/zig/zig 0.16.0
== 1. lib-vt build, empty global cache: zig build -Demit-lib-vt -Doptimize=ReleaseFast -Dsimd=false -Dcpu=baseline -Demit-xcframework=false
lib build exit 0
total 24796
-rw-r--r-- 1 1000 1000 16276478 Oct  9 10:48 libghostty-vt.a
lrwxrwxrwx 1 1000 1000       18 Oct  9 10:48 libghostty-vt.so -> libghostty-vt.so.0
lrwxrwxrwx 1 1000 1000       22 Oct  9 10:48 libghostty-vt.so.0 -> libghostty-vt.so.0.1.0
-rwxr-xr-x 1 1000 1000  9110048 Oct  9 10:48 libghostty-vt.so.0.1.0
fetched packages (0):

package list: DIFFERENT from build_data.rs ZIG_PACKAGES:
1,7c1
< N-V-__8AAAfDBACe1jGqjr9jIG3UAK8KbzJKQ7xrzYoau-_a
< N-V-__8AAB0eQwD-0MdOEBmz7intriBReIsIDNlukNVoNu6o
< N-V-__8AADYiAAB_80AWnH1AxXC0tql9thT-R-DYO1gBqTLc
< N-V-__8AAP5JWgCGP_AD0teWpa4krRvE9VPZzvviGdbmN4jI
< aro-0.0.0-JSD1Qk6lNgDdcDV4Vh7Sfy-34m2TluIVOdPzMmj_0BjX
< translate_c-0.0.0-Q_BUWhVNBwDOEcIqub4VFPJPB6D9dgwzUMHTX5KWr8Xr
< uucode-0.2.0-ZZjBPuuFVgC8YZ8eld4fOKsZANLIhTFMzULQxhkLi1C7
---
> 
== 2. zig build test-lib-vt --summary all
global cache seeded from /zig/packages
test-lib-vt exit 1
                   ^~~~~~~~~~~~~~~~~~~~~~~~~~~~~~~~~~~~~~~~~~~~~~~~~~~~~~~~~~~~~~~~
/work/crates/botster-terminal-ghostty/vendor/ghostty/build.zig.zon:108:20: error: unable to connect to server: NameServerFailure
            .url = "https://deps.files.ghostty.org/JetBrainsMono-2.304.tar.gz",
                   ^~~~~~~~~~~~~~~~~~~~~~~~~~~~~~~~~~~~~~~~~~~~~~~~~~~~~~~~~~~
/work/crates/botster-terminal-ghostty/vendor/ghostty/build.zig.zon:113:20: error: unable to connect to server: NameServerFailure
            .url = "https://deps.files.ghostty.org/NerdFontsSymbolsOnly-3.4.0.tar.gz",
                   ^~~~~~~~~~~~~~~~~~~~~~~~~~~~~~~~~~~~~~~~~~~~~~~~~~~~~~~~~~~~~~~~~~
/work/crates/botster-terminal-ghostty/vendor/ghostty/pkg/fontconfig/build.zig.zon:8:20: error: unable to connect to server: NameServerFailure
            .url = "https://gitlab.freedesktop.org/api/v4/projects/890/packages/generic/fontconfig/2.18.3/fontconfig-2.18.3.tar.xz",
                   ^~~~~~~~~~~~~~~~~~~~~~~~~~~~~~~~~~~~~~~~~~~~~~~~~~~~~~~~~~~~~~~~~~~~~~~~~~~~~~~~~~~~~~~~~~~~~~~~~~~~~~~~~~~~~~~~
/work/crates/botster-terminal-ghostty/vendor/ghostty/pkg/dcimgui/build.zig.zon:11:20: error: unable to connect to server: NameServerFailure
            .url = "https://deps.files.ghostty.org/DearBindings_v0.17_ImGui_v1.92.5-docking.tar.gz",
                   ^~~~~~~~~~~~~~~~~~~~~~~~~~~~~~~~~~~~~~~~~~~~~~~~~~~~~~~~~~~~~~~~~~~~~~~~~~~~~~~~
/work/crates/botster-terminal-ghostty/vendor/ghostty/pkg/dcimgui/build.zig.zon:18:20: error: unable to connect to server: NameServerFailure
            .url = "https://deps.files.ghostty.org/N-V-__8AAEbOfQBnvcFcCX2W5z7tDaN8vaNZGamEQtNOe0UI.tar.gz",
                   ^~~~~~~~~~~~~~~~~~~~~~~~~~~~~~~~~~~~~~~~~~~~~~~~~~~~~~~~~~~~~~~~~~~~~~~~~~~~~~~~~~~~~~~~
/work/crates/botster-terminal-ghostty/vendor/ghostty/pkg/harfbuzz/build.zig.zon:9:20: error: unable to connect to server: NameServerFailure
            .url = "https://deps.files.ghostty.org/harfbuzz-11.0.0.tar.xz",
                   ^~~~~~~~~~~~~~~~~~~~~~~~~~~~~~~~~~~~~~~~~~~~~~~~~~~~~~~
/work/crates/botster-terminal-ghostty/vendor/ghostty/pkg/libpng/build.zig.zon:9:20: error: unable to connect to server: NameServerFailure
            .url = "https://deps.files.ghostty.org/libpng-1220aa013f0c83da3fb64ea6d327f9173fa008d10e28bc9349eac3463457723b1c66.tar.gz",
                   ^~~~~~~~~~~~~~~~~~~~~~~~~~~~~~~~~~~~~~~~~~~~~~~~~~~~~~~~~~~~~~~~~~~~~~~~~~~~~~~~~~~~~~~~~~~~~~~~~~~~~~~~~~~~~~~~~~~
/work/crates/botster-terminal-ghostty/vendor/ghostty/pkg/libxml2/build.zig.zon:8:20: error: unable to connect to server: NameServerFailure
            .url = "https://deps.files.ghostty.org/libxml2-2.11.5.tar.gz",
                   ^~~~~~~~~~~~~~~~~~~~~~~~~~~~~~~~~~~~~~~~~~~~~~~~~~~~~~
/work/crates/botster-terminal-ghostty/vendor/ghostty/pkg/freetype/build.zig.zon:9:20: error: unable to connect to server: NameServerFailure
            .url = "https://deps.files.ghostty.org/freetype-1220b81f6ecfb3fd222f76cf9106fecfa6554ab07ec7fdc4124b9bb063ae2adf969d.tar.gz",
                   ^~~~~~~~~~~~~~~~~~~~~~~~~~~~~~~~~~~~~~~~~~~~~~~~~~~~~~~~~~~~~~~~~~~~~~~~~~~~~~~~~~~~~~~~~~~~~~~~~~~~~~~~~~~~~~~~~~~~~
/work/crates/botster-terminal-ghostty/vendor/ghostty/pkg/glslang/build.zig.zon:9:20: error: unable to connect to server: NameServerFailure
            .url = "https://deps.files.ghostty.org/glslang-12201278a1a05c0ce0b6eb6026c65cd3e9247aa041b1c260324bf29cee559dd23ba1.tar.gz",
                   ^~~~~~~~~~~~~~~~~~~~~~~~~~~~~~~~~~~~~~~~~~~~~~~~~~~~~~~~~~~~~~~~~~~~~~~~~~~~~~~~~~~~~~~~~~~~~~~~~~~~~~~~~~~~~~~~~~~~
/work/crates/botster-terminal-ghostty/vendor/ghostty/pkg/spirv-cross/build.zig.zon:9:20: error: unable to connect to server: NameServerFailure
            .url = "https://deps.files.ghostty.org/spirv_cross-1220fb3b5586e8be67bc3feb34cbe749cf42a60d628d2953632c2f8141302748c8da.tar.gz",
                   ^~~~~~~~~~~~~~~~~~~~~~~~~~~~~~~~~~~~~~~~~~~~~~~~~~~~~~~~~~~~~~~~~~~~~~~~~~~~~~~~~~~~~~~~~~~~~~~~~~~~~~~~~~~~~~~~~~~~~~~~
/work/crates/botster-terminal-ghostty/vendor/ghostty/pkg/oniguruma/build.zig.zon:9:20: error: unable to connect to server: NameServerFailure
            .url = "https://deps.files.ghostty.org/oniguruma-1220c15e72eadd0d9085a8af134904d9a0f5dfcbed5f606ad60edc60ebeccd9706bb.tar.gz",
                   ^~~~~~~~~~~~~~~~~~~~~~~~~~~~~~~~~~~~~~~~~~~~~~~~~~~~~~~~~~~~~~~~~~~~~~~~~~~~~~~~~~~~~~~~~~~~~~~~~~~~~~~~~~~~~~~~~~~~~~
/work/crates/botster-terminal-ghostty/vendor/ghostty/pkg/highway/build.zig.zon:9:20: error: unable to connect to server: NameServerFailure
            .url = "https://deps.files.ghostty.org/highway-66486a10623fa0d72fe91260f96c892e41aceb06.tar.gz",
                   ^~~~~~~~~~~~~~~~~~~~~~~~~~~~~~~~~~~~~~~~~~~~~~~~~~~~~~~~~~~~~~~~~~~~~~~~~~~~~~~~~~~~~~~~
== 3. cargo nextest run -p botster-terminal-ghostty
binding tests exit 0
     Summary [   0.264s] 134 tests run: 134 passed, 0 skipped
jobq: exit 0 after 143 s on msa1 (botster-core 7095fb76) (queued 1 s, ran 142 s)
botster-gate: exit 0 after 143 s on msa1 (botster-core 7095fb76)
