botster-gate: botster-core stage1/p2-fork-a6 d1e747cab3f00fe5117e6f489b844332f4b3e87a
botster-gate: base origin/v1 = 0f78957224e0496e2b5d18a4717b155fcfb1ac79 (BOTSTER_CI_BASE_REF)
botster-gate: pool, --on mac (needs macos,botster)
botster-gate: command bash docs/stage1/ghostty-upstream-sync-20261009/evidence.sh
botster-gate: log /Users/jasonconigliari/botster-sessions/gates/botster-core-stage1-p2-fork-a6-d1e747ca-pool-20261009-032930-52817.log
jobq: jobq-botster-core-d1e747ca-20261009032930-2a4b
jobq: botster-core d1e747cab3f00fe5117e6f489b844332f4b3e87a, lane ci (priority 40: tier 3 of 3, project cap 3), needs macos,botster, 4 CPUs, medium (8192 MB, 8192 MB disk)
jobq: command bash -c project=$1 cpus=$2 volume_branch=$3 base_sha=$4; shift 4
if [ "$(uname -s)" = Darwin ]; then
  # Public sources, as on Linux: the repo's ci/remote/fetch-public.sh (botster-core: the libghostty submodule and its
  # Zig packages); else the submodules at the pinned commits. Every submodule is then cleaned.
  if [ -f ci/remote/fetch-public.sh ]; then
    bash ci/remote/fetch-public.sh || exit 3
  elif [ -f .gitmodules ]; then
    git submodule update -q --init --force || exit 3
  fi
  [ -f .gitmodules ] && { git submodule foreach -q --recursive git clean -q -ffdx || exit 3; }
  exec "$@"
fi
# Linux: one gate of a branch at a time on this host (they share its target volume); the same lock files as testq gates.
locks=$HOME/testq/projects/botster-locks
lock=$locks/branch-$(printf %s "$project:$volume_branch" | sha1sum | cut -c1-16).lock
{ mkdir -p "$locks" && exec 6>"$lock"; } || { echo "botster-gate: cannot open the branch lock $lock"; exit 3; }
if ! flock -n 6; then
  echo "botster-gate: waiting: another gate of $project $volume_branch runs on this host"
  flock 6 || { echo "botster-gate: cannot take the branch lock $lock"; exit 3; }
fi
# job.sh keeps its shared state (image and volume locks, target stamps, artifacts) relative to its checkout, in testq's
# layout <projects>/<project>/jobs/<snapshot>, and removes the snapshot when it ends. So the gate runs, as under testq,
# in a snapshot under ~/testq/projects: a repository fetched from the warm pool slot (another filesystem), checked out at
# the exact commit, base ref included.
snap=$HOME/testq/projects/$project/jobs/$POOL_JOB
mkdir -p "${snap%/*}" || exit 3
# Until job.sh owns the snapshot (it removes it when it ends), a stop or a failure removes it here.
trap 'rm -rf -- "$snap"; exit 143' TERM INT HUP
if ! { git init -q "$snap" && git -C "$snap" fetch -q --no-tags "$PWD" "+refs/pool/head:refs/pool/head" \
    "+refs/remotes/*:refs/remotes/*" && git -C "$snap" checkout -q --detach "$POOL_SHA"; }; then
  echo "botster-gate: could not make the snapshot $snap"
  rm -rf -- "$snap"
  exit 3
fi
trap - TERM INT HUP
exec "$snap/ci/remote/job.sh" "$snap" "$cpus" --run="$POOL_JOB" --branch="$volume_branch" --base="$base_sha" -- "$@" botster-gate botster-core 4 stage1/p2-fork-a6 0f78957224e0496e2b5d18a4717b155fcfb1ac79 bash docs/stage1/ghostty-upstream-sync-20261009/evidence.sh
jobq: log /Users/jasonconigliari/.local/state/jobq/logs/jobq-botster-core-d1e747ca-20261009032930-2a4b.log
jobq: running on mac (allocation 5a801f64)
pool-run: botster-core d1e747cab3f0 on Jasons-MBP-3 in botster-core/slot-0 (job jobq-botster-core-d1e747ca-20261009032930-2a4b), 49253 MB free in the pool
fetch: submodules at the pinned commits, clean
fetch: 1 Zig packages are missing from /Users/jasonconigliari/.cache/botster/zig-packages; running prefetch-zig.sh
prefetch-zig: 7 packages are in /Users/jasonconigliari/.cache/botster/zig-packages/.staging.AgN9kn
fetch: published 1 Zig packages in /Users/jasonconigliari/.cache/botster/zig-packages
core head d1e747cab3f00fe5117e6f489b844332f4b3e87a, tracked changes 0
fork head 39a68e822e505685d1e7fa9c6abeff21125b489c, tracked changes 0
zig /Users/jasonconigliari/.local/share/mise/shims/zig 0.16.0
== 1. lib-vt build, empty global cache: zig build -Demit-lib-vt -Doptimize=ReleaseFast -Dsimd=false -Dcpu=baseline -Demit-xcframework=false
lib build exit 0
total 23880
-rwxr-xr-x@ 1 jasonconigliari  staff   1882928 Oct  9 10:31 libghostty-vt.0.1.0.dylib
lrwxr-xr-x@ 1 jasonconigliari  staff        25 Oct  9 10:31 libghostty-vt.0.dylib -> libghostty-vt.0.1.0.dylib
-rw-r--r--@ 1 jasonconigliari  staff  10341912 Oct  9 10:31 libghostty-vt.a
lrwxr-xr-x@ 1 jasonconigliari  staff        21 Oct  9 10:31 libghostty-vt.dylib -> libghostty-vt.0.dylib
fetched packages (7):
N-V-__8AAAfDBACe1jGqjr9jIG3UAK8KbzJKQ7xrzYoau-_a
N-V-__8AAB0eQwD-0MdOEBmz7intriBReIsIDNlukNVoNu6o
N-V-__8AADYiAAB_80AWnH1AxXC0tql9thT-R-DYO1gBqTLc
N-V-__8AAP5JWgCGP_AD0teWpa4krRvE9VPZzvviGdbmN4jI
aro-0.0.0-JSD1Qk6lNgDdcDV4Vh7Sfy-34m2TluIVOdPzMmj_0BjX
translate_c-0.0.0-Q_BUWhVNBwDOEcIqub4VFPJPB6D9dgwzUMHTX5KWr8Xr
uucode-0.2.0-ZZjBPuuFVgC8YZ8eld4fOKsZANLIhTFMzULQxhkLi1C7
package list: SAME as build_data.rs ZIG_PACKAGES
== 2. zig build test-lib-vt --summary all
test-lib-vt exit 1
/Users/jasonconigliari/Library/Caches/compute-pool/pool/botster-core/slot-0/crates/botster-terminal-ghostty/vendor/ghostty/build.zig.zon:33:20: error: unable to connect to server: TlsInitializationFailed
            .url = "https://deps.files.ghostty.org/zig_objc-c8de82ff80281215ad92900866dab7103a8efa8b.tar.gz",
                   ^~~~~~~~~~~~~~~~~~~~~~~~~~~~~~~~~~~~~~~~~~~~~~~~~~~~~~~~~~~~~~~~~~~~~~~~~~~~~~~~~~~~~~~~~
== 3. cargo nextest run -p botster-terminal-ghostty
binding tests exit 0
     Summary [   0.639s] 134 tests run: 134 passed, 0 skipped
jobq: exit 0 after 208 s on mac (botster-core d1e747ca) (queued 1 s, ran 207 s)
botster-gate: exit 0 after 208 s on mac (botster-core d1e747ca)
